*WEATHER LIST

@#   FILENAME EXT SITE NAME.................  LAT.....  LONG.... ELEV.  TAV.. TAMP..
   1 AZMC8832 WTH Maricopa, Arizona            AZMC   35.069 -111.972     362       
   2 DKPK1601 WTH Dera Ismail Khan, Pakista   DKPK   31.725   70.827   177  23.0    
   3 DKPK1701 WTH Dera Ismail Khan, Pakista   DKPK   31.725   70.827   177  23.0    
   4 DKPK1801 WTH Dera Ismail Khan, Pakista   DKPK   31.725   70.827   177  23.0    
   5 DKPK1901 WTH Dera Ismail Khan, Pakista   DKPK   31.725   70.827   177  23.0    
   6 GUDD1601 WTH My Field                    GUDD   31.725   70.827   177  22.9    
   7 GUDD1701 WTH My Field                    GUDD   31.725   70.827   177  22.9    
   8 GUDD1801 WTH My Field                    GUDD   31.725   70.827   177  22.9    
   9 GUDD1901 WTH My Field                    GUDD   31.725   70.827   177  22.9    
  10 GUDD2001 WTH My Field                    GUDD   31.725   70.827   177  22.9    
  11 GUDD2101 WTH My Field                    GUDD   31.725   70.827   177  22.9    
  12 GUDD2201 WTH My Field                    GUDD   31.725   70.827   177  22.9    
